// Jest Snapshot v1, https://goo.gl/fbAQLP

exports[`MoviePoster - renders correctly 1`] = `
<Link
  href="/film/undefined"
>
  <div
    className="movie-poster"
  >
    <img />
    <div>
      <div
        className="movie-poster__info"
      >
        <div
          className="title"
        >
          Fifty Shades Freed
        </div>
        <div
          className="year"
        >
          2018
        </div>
      </div>
      <div
        className="genre"
      >
        Drama & Romance
      </div>
    </div>
  </div>
</Link>
`;
